src/firebase.ts(6,12): error TS1343: The 'import.meta' meta-property is only allowed when the '--module' option is 'es2020', 'es2022', 'esnext', 'system', 'node16', 'node18', 'node20', or 'nodenext'.
src/firebase.ts(7,16): error TS1343: The 'import.meta' meta-property is only allowed when the '--module' option is 'es2020', 'es2022', 'esnext', 'system', 'node16', 'node18', 'node20', or 'nodenext'.
src/firebase.ts(8,15): error TS1343: The 'import.meta' meta-property is only allowed when the '--module' option is 'es2020', 'es2022', 'esnext', 'system', 'node16', 'node18', 'node20', or 'nodenext'.
src/firebase.ts(9,19): error TS1343: The 'import.meta' meta-property is only allowed when the '--module' option is 'es2020', 'es2022', 'esnext', 'system', 'node16', 'node18', 'node20', or 'nodenext'.
src/firebase.ts(10,23): error TS1343: The 'import.meta' meta-property is only allowed when the '--module' option is 'es2020', 'es2022', 'esnext', 'system', 'node16', 'node18', 'node20', or 'nodenext'.
src/firebase.ts(11,11): error TS1343: The 'import.meta' meta-property is only allowed when the '--module' option is 'es2020', 'es2022', 'esnext', 'system', 'node16', 'node18', 'node20', or 'nodenext'.
src/firebase.ts(12,19): error TS1343: The 'import.meta' meta-property is only allowed when the '--module' option is 'es2020', 'es2022', 'esnext', 'system', 'node16', 'node18', 'node20', or 'nodenext'.
src/pages/AdminDashboard.tsx(45,29): error TS6142: Module '../components/ProductForm' was resolved to 'C:/Users/PREMIUM/Documents/Lautech market/lautechmarket/src/components/ProductForm.tsx', but '--jsx' is not set.
src/pages/AdminDashboard.tsx(48,36): error TS6142: Module '../components/AdminAnnouncements' was resolved to 'C:/Users/PREMIUM/Documents/Lautech market/lautechmarket/src/components/AdminAnnouncements.tsx', but '--jsx' is not set.
src/pages/AdminDashboard.tsx(49,33): error TS6142: Module '../components/AdminCategories' was resolved to 'C:/Users/PREMIUM/Documents/Lautech market/lautechmarket/src/components/AdminCategories.tsx', but '--jsx' is not set.
src/pages/AdminDashboard.tsx(50,43): error TS6142: Module '../components/AdminVerificationRequests' was resolved to 'C:/Users/PREMIUM/Documents/Lautech market/lautechmarket/src/components/AdminVerificationRequests.tsx', but '--jsx' is not set.
src/pages/AdminDashboard.tsx(52,31): error TS6142: Module '../components/VerifiedBadge' was resolved to 'C:/Users/PREMIUM/Documents/Lautech market/lautechmarket/src/components/VerifiedBadge.tsx', but '--jsx' is not set.
src/pages/AdminDashboard.tsx(55,30): error TS6142: Module '../components/AdminSidebar' was resolved to 'C:/Users/PREMIUM/Documents/Lautech market/lautechmarket/src/components/AdminSidebar.tsx', but '--jsx' is not set.
src/pages/AdminDashboard.tsx(56,31): error TS6142: Module '../components/AdminCuration' was resolved to 'C:/Users/PREMIUM/Documents/Lautech market/lautechmarket/src/components/AdminCuration.tsx', but '--jsx' is not set.
src/pages/AdminDashboard.tsx(57,28): error TS6142: Module '../components/AdminStats' was resolved to 'C:/Users/PREMIUM/Documents/Lautech market/lautechmarket/src/components/AdminStats.tsx', but '--jsx' is not set.
src/pages/AdminDashboard.tsx(58,34): error TS6142: Module '../components/AdminLeaderboard' was resolved to 'C:/Users/PREMIUM/Documents/Lautech market/lautechmarket/src/components/AdminLeaderboard.tsx', but '--jsx' is not set.
src/pages/AdminDashboard.tsx(270,30): error TS2802: Type 'Set<string>' can only be iterated through when using the '--downlevelIteration' flag or with a '--target' of 'es2015' or higher.
src/pages/AdminDashboard.tsx(363,40): error TS2304: Cannot find name 'searchesColl'.
src/pages/AdminDashboard.tsx(504,24): error TS2802: Type 'Set<string>' can only be iterated through when using the '--downlevelIteration' flag or with a '--target' of 'es2015' or higher.
src/pages/AdminDashboard.tsx(593,7): error TS17004: Cannot use JSX unless the '--jsx' flag is provided.
src/pages/AdminDashboard.tsx(594,9): error TS17004: Cannot use JSX unless the '--jsx' flag is provided.
src/pages/AdminDashboard.tsx(619,9): error TS17004: Cannot use JSX unless the '--jsx' flag is provided.
src/pages/AdminDashboard.tsx(620,11): error TS17004: Cannot use JSX unless the '--jsx' flag is provided.
src/pages/AdminDashboard.tsx(633,7): error TS17004: Cannot use JSX unless the '--jsx' flag is provided.
src/pages/AdminDashboard.tsx(634,9): error TS17004: Cannot use JSX unless the '--jsx' flag is provided.
src/pages/AdminDashboard.tsx(635,11): error TS17004: Cannot use JSX unless the '--jsx' flag is provided.
src/pages/AdminDashboard.tsx(636,13): error TS17004: Cannot use JSX unless the '--jsx' flag is provided.
src/pages/AdminDashboard.tsx(637,13): error TS17004: Cannot use JSX unless the '--jsx' flag is provided.
src/pages/AdminDashboard.tsx(639,11): error TS17004: Cannot use JSX unless the '--jsx' flag is provided.
src/pages/AdminDashboard.tsx(640,13): error TS17004: Cannot use JSX unless the '--jsx' flag is provided.
src/pages/AdminDashboard.tsx(641,13): error TS17004: Cannot use JSX unless the '--jsx' flag is provided.
src/pages/AdminDashboard.tsx(643,11): error TS17004: Cannot use JSX unless the '--jsx' flag is provided.
src/pages/AdminDashboard.tsx(644,13): error TS17004: Cannot use JSX unless the '--jsx' flag is provided.
src/pages/AdminDashboard.tsx(645,13): error TS17004: Cannot use JSX unless the '--jsx' flag is provided.
src/pages/AdminDashboard.tsx(647,11): error TS17004: Cannot use JSX unless the '--jsx' flag is provided.
src/pages/AdminDashboard.tsx(648,13): error TS17004: Cannot use JSX unless the '--jsx' flag is provided.
src/pages/AdminDashboard.tsx(649,13): error TS17004: Cannot use JSX unless the '--jsx' flag is provided.
src/pages/AdminDashboard.tsx(653,9): error TS17004: Cannot use JSX unless the '--jsx' flag is provided.
src/pages/AdminDashboard.tsx(654,11): error TS17004: Cannot use JSX unless the '--jsx' flag is provided.
src/pages/AdminDashboard.tsx(655,13): error TS17004: Cannot use JSX unless the '--jsx' flag is provided.
src/pages/AdminDashboard.tsx(656,13): error TS17004: Cannot use JSX unless the '--jsx' flag is provided.
src/pages/AdminDashboard.tsx(658,11): error TS17004: Cannot use JSX unless the '--jsx' flag is provided.
src/pages/AdminDashboard.tsx(659,13): error TS17004: Cannot use JSX unless the '--jsx' flag is provided.
src/pages/AdminDashboard.tsx(660,15): error TS17004: Cannot use JSX unless the '--jsx' flag is provided.
src/pages/AdminDashboard.tsx(661,17): error TS17004: Cannot use JSX unless the '--jsx' flag is provided.
src/pages/AdminDashboard.tsx(662,19): error TS17004: Cannot use JSX unless the '--jsx' flag is provided.
src/pages/AdminDashboard.tsx(663,19): error TS17004: Cannot use JSX unless the '--jsx' flag is provided.
src/pages/AdminDashboard.tsx(664,19): error TS17004: Cannot use JSX unless the '--jsx' flag is provided.
src/pages/AdminDashboard.tsx(665,19): error TS17004: Cannot use JSX unless the '--jsx' flag is provided.
src/pages/AdminDashboard.tsx(666,19): error TS17004: Cannot use JSX unless the '--jsx' flag is provided.
src/pages/AdminDashboard.tsx(667,19): error TS17004: Cannot use JSX unless the '--jsx' flag is provided.
src/pages/AdminDashboard.tsx(670,15): error TS17004: Cannot use JSX unless the '--jsx' flag is provided.
src/pages/AdminDashboard.tsx(672,19): error TS17004: Cannot use JSX unless the '--jsx' flag is provided.
src/pages/AdminDashboard.tsx(673,21): error TS17004: Cannot use JSX unless the '--jsx' flag is provided.
src/pages/AdminDashboard.tsx(674,23): error TS17004: Cannot use JSX unless the '--jsx' flag is provided.
src/pages/AdminDashboard.tsx(675,23): error TS17004: Cannot use JSX unless the '--jsx' flag is provided.
src/pages/AdminDashboard.tsx(677,21): error TS17004: Cannot use JSX unless the '--jsx' flag is provided.
src/pages/AdminDashboard.tsx(678,23): error TS17004: Cannot use JSX unless the '--jsx' flag is provided.
src/pages/AdminDashboard.tsx(679,23): error TS17004: Cannot use JSX unless the '--jsx' flag is provided.
src/pages/AdminDashboard.tsx(681,21): error TS17004: Cannot use JSX unless the '--jsx' flag is provided.
src/pages/AdminDashboard.tsx(682,23): error TS17004: Cannot use JSX unless the '--jsx' flag is provided.
src/pages/AdminDashboard.tsx(684,27): error TS17004: Cannot use JSX unless the '--jsx' flag is provided.
src/pages/AdminDashboard.tsx(687,23): error TS17004: Cannot use JSX unless the '--jsx' flag is provided.
src/pages/AdminDashboard.tsx(692,21): error TS17004: Cannot use JSX unless the '--jsx' flag is provided.
src/pages/AdminDashboard.tsx(694,25): error TS17004: Cannot use JSX unless the '--jsx' flag is provided.
src/pages/AdminDashboard.tsx(695,27): error TS17004: Cannot use JSX unless the '--jsx' flag is provided.
src/pages/AdminDashboard.tsx(696,27): error TS17004: Cannot use JSX unless the '--jsx' flag is provided.
src/pages/AdminDashboard.tsx(699,25): error TS17004: Cannot use JSX unless the '--jsx' flag is provided.
src/pages/AdminDashboard.tsx(702,21): error TS17004: Cannot use JSX unless the '--jsx' flag is provided.
src/pages/AdminDashboard.tsx(705,21): error TS17004: Cannot use JSX unless the '--jsx' flag is provided.
src/pages/AdminDashboard.tsx(706,23): error TS17004: Cannot use JSX unless the '--jsx' flag is provided.
src/pages/AdminDashboard.tsx(720,25): error TS17004: Cannot use JSX unless the '--jsx' flag is provided.
src/pages/AdminDashboard.tsx(728,15): error TS17004: Cannot use JSX unless the '--jsx' flag is provided.
src/pages/AdminDashboard.tsx(741,16): error TS17004: Cannot use JSX unless the '--jsx' flag is provided.
src/pages/AdminDashboard.tsx(744,11): error TS17004: Cannot use JSX unless the '--jsx' flag is provided.
src/pages/AdminDashboard.tsx(746,13): error TS17004: Cannot use JSX unless the '--jsx' flag is provided.
src/pages/AdminDashboard.tsx(747,15): error TS17004: Cannot use JSX unless the '--jsx' flag is provided.
src/pages/AdminDashboard.tsx(748,17): error TS17004: Cannot use JSX unless the '--jsx' flag is provided.
src/pages/AdminDashboard.tsx(749,17): error TS17004: Cannot use JSX unless the '--jsx' flag is provided.
src/pages/AdminDashboard.tsx(751,15): error TS17004: Cannot use JSX unless the '--jsx' flag is provided.
src/pages/AdminDashboard.tsx(752,17): error TS17004: Cannot use JSX unless the '--jsx' flag is provided.
src/pages/AdminDashboard.tsx(757,19): error TS17004: Cannot use JSX unless the '--jsx' flag is provided.
src/pages/AdminDashboard.tsx(758,19): error TS17004: Cannot use JSX unless the '--jsx' flag is provided.
src/pages/AdminDashboard.tsx(763,13): error TS17004: Cannot use JSX unless the '--jsx' flag is provided.
src/pages/AdminDashboard.tsx(772,13): error TS17004: Cannot use JSX unless the '--jsx' flag is provided.
src/pages/AdminDashboard.tsx(773,15): error TS17004: Cannot use JSX unless the '--jsx' flag is provided.
src/pages/AdminDashboard.tsx(774,17): error TS17004: Cannot use JSX unless the '--jsx' flag is provided.
src/pages/AdminDashboard.tsx(775,17): error TS17004: Cannot use JSX unless the '--jsx' flag is provided.
src/pages/AdminDashboard.tsx(777,15): error TS17004: Cannot use JSX unless the '--jsx' flag is provided.
src/pages/AdminDashboard.tsx(778,17): error TS17004: Cannot use JSX unless the '--jsx' flag is provided.
src/pages/AdminDashboard.tsx(782,19): error TS17004: Cannot use JSX unless the '--jsx' flag is provided.
src/pages/AdminDashboard.tsx(783,21): error TS17004: Cannot use JSX unless the '--jsx' flag is provided.
src/pages/AdminDashboard.tsx(784,21): error TS17004: Cannot use JSX unless the '--jsx' flag is provided.
src/pages/AdminDashboard.tsx(786,19): error TS17004: Cannot use JSX unless the '--jsx' flag is provided.
src/pages/AdminDashboard.tsx(789,17): error TS17004: Cannot use JSX unless the '--jsx' flag is provided.
src/pages/AdminDashboard.tsx(793,19): error TS17004: Cannot use JSX unless the '--jsx' flag is provided.
src/pages/AdminDashboard.tsx(794,21): error TS17004: Cannot use JSX unless the '--jsx' flag is provided.
src/pages/AdminDashboard.tsx(795,21): error TS17004: Cannot use JSX unless the '--jsx' flag is provided.
src/pages/AdminDashboard.tsx(797,19): error TS17004: Cannot use JSX unless the '--jsx' flag is provided.
src/pages/AdminDashboard.tsx(800,17): error TS17004: Cannot use JSX unless the '--jsx' flag is provided.
src/pages/AdminDashboard.tsx(804,19): error TS17004: Cannot use JSX unless the '--jsx' flag is provided.
src/pages/AdminDashboard.tsx(805,21): error TS17004: Cannot use JSX unless the '--jsx' flag is provided.
src/pages/AdminDashboard.tsx(806,21): error TS17004: Cannot use JSX unless the '--jsx' flag is provided.
src/pages/AdminDashboard.tsx(808,19): error TS17004: Cannot use JSX unless the '--jsx' flag is provided.
src/pages/AdminDashboard.tsx(817,11): error TS17004: Cannot use JSX unless the '--jsx' flag is provided.
src/pages/AdminDashboard.tsx(818,13): error TS17004: Cannot use JSX unless the '--jsx' flag is provided.
src/pages/AdminDashboard.tsx(819,15): error TS17004: Cannot use JSX unless the '--jsx' flag is provided.
src/pages/AdminDashboard.tsx(820,17): error TS17004: Cannot use JSX unless the '--jsx' flag is provided.
src/pages/AdminDashboard.tsx(823,15): error TS17004: Cannot use JSX unless the '--jsx' flag is provided.
src/pages/AdminDashboard.tsx(833,23): error TS17004: Cannot use JSX unless the '--jsx' flag is provided.
src/pages/AdminDashboard.tsx(834,25): error TS17004: Cannot use JSX unless the '--jsx' flag is provided.
src/pages/AdminDashboard.tsx(835,27): error TS17004: Cannot use JSX unless the '--jsx' flag is provided.
src/pages/AdminDashboard.tsx(836,27): error TS17004: Cannot use JSX unless the '--jsx' flag is provided.
src/pages/AdminDashboard.tsx(838,25): error TS17004: Cannot use JSX unless the '--jsx' flag is provided.
src/pages/AdminDashboard.tsx(839,27): error TS17004: Cannot use JSX unless the '--jsx' flag is provided.
src/pages/AdminDashboard.tsx(859,11): error TS17004: Cannot use JSX unless the '--jsx' flag is provided.
src/pages/AdminDashboard.tsx(861,13): error TS17004: Cannot use JSX unless the '--jsx' flag is provided.
src/pages/AdminDashboard.tsx(862,15): error TS17004: Cannot use JSX unless the '--jsx' flag is provided.
src/pages/AdminDashboard.tsx(863,17): error TS17004: Cannot use JSX unless the '--jsx' flag is provided.
src/pages/AdminDashboard.tsx(864,19): error TS17004: Cannot use JSX unless the '--jsx' flag is provided.
src/pages/AdminDashboard.tsx(865,19): error TS17004: Cannot use JSX unless the '--jsx' flag is provided.
src/pages/AdminDashboard.tsx(867,17): error TS17004: Cannot use JSX unless the '--jsx' flag is provided.
src/pages/AdminDashboard.tsx(868,17): error TS17004: Cannot use JSX unless the '--jsx' flag is provided.
src/pages/AdminDashboard.tsx(871,15): error TS17004: Cannot use JSX unless the '--jsx' flag is provided.
src/pages/AdminDashboard.tsx(872,17): error TS17004: Cannot use JSX unless the '--jsx' flag is provided.
src/pages/AdminDashboard.tsx(873,19): error TS17004: Cannot use JSX unless the '--jsx' flag is provided.
src/pages/AdminDashboard.tsx(874,19): error TS17004: Cannot use JSX unless the '--jsx' flag is provided.
src/pages/AdminDashboard.tsx(876,17): error TS17004: Cannot use JSX unless the '--jsx' flag is provided.
src/pages/AdminDashboard.tsx(877,17): error TS17004: Cannot use JSX unless the '--jsx' flag is provided.
src/pages/AdminDashboard.tsx(880,15): error TS17004: Cannot use JSX unless the '--jsx' flag is provided.
src/pages/AdminDashboard.tsx(881,17): error TS17004: Cannot use JSX unless the '--jsx' flag is provided.
src/pages/AdminDashboard.tsx(882,19): error TS17004: Cannot use JSX unless the '--jsx' flag is provided.
src/pages/AdminDashboard.tsx(883,19): error TS17004: Cannot use JSX unless the '--jsx' flag is provided.
src/pages/AdminDashboard.tsx(885,17): error TS17004: Cannot use JSX unless the '--jsx' flag is provided.
src/pages/AdminDashboard.tsx(887,21): error TS17004: Cannot use JSX unless the '--jsx' flag is provided.
src/pages/AdminDashboard.tsx(892,23): error TS17004: Cannot use JSX unless the '--jsx' flag is provided.
src/pages/AdminDashboard.tsx(898,17): error TS17004: Cannot use JSX unless the '--jsx' flag is provided.
src/pages/AdminDashboard.tsx(903,13): error TS17004: Cannot use JSX unless the '--jsx' flag is provided.
src/pages/AdminDashboard.tsx(904,15): error TS17004: Cannot use JSX unless the '--jsx' flag is provided.
src/pages/AdminDashboard.tsx(905,17): error TS17004: Cannot use JSX unless the '--jsx' flag is provided.
src/pages/AdminDashboard.tsx(906,19): error TS17004: Cannot use JSX unless the '--jsx' flag is provided.
src/pages/AdminDashboard.tsx(909,17): error TS17004: Cannot use JSX unless the '--jsx' flag is provided.
src/pages/AdminDashboard.tsx(911,15): error TS17004: Cannot use JSX unless the '--jsx' flag is provided.
src/pages/AdminDashboard.tsx(913,19): error TS17004: Cannot use JSX unless the '--jsx' flag is provided.
src/pages/AdminDashboard.tsx(914,21): error TS17004: Cannot use JSX unless the '--jsx' flag is provided.
src/pages/AdminDashboard.tsx(915,23): error TS17004: Cannot use JSX unless the '--jsx' flag is provided.
src/pages/AdminDashboard.tsx(918,23): error TS17004: Cannot use JSX unless the '--jsx' flag is provided.
src/pages/AdminDashboard.tsx(922,21): error TS17004: Cannot use JSX unless the '--jsx' flag is provided.
src/pages/AdminDashboard.tsx(923,21): error TS17004: Cannot use JSX unless the '--jsx' flag is provided.
src/pages/AdminDashboard.tsx(924,23): error TS17004: Cannot use JSX unless the '--jsx' flag is provided.
src/pages/AdminDashboard.tsx(925,23): error TS17004: Cannot use JSX unless the '--jsx' flag is provided.
src/pages/AdminDashboard.tsx(931,19): error TS17004: Cannot use JSX unless the '--jsx' flag is provided.
src/pages/AdminDashboard.tsx(939,13): error TS17004: Cannot use JSX unless the '--jsx' flag is provided.
src/pages/AdminDashboard.tsx(941,15): error TS17004: Cannot use JSX unless the '--jsx' flag is provided.
src/pages/AdminDashboard.tsx(942,17): error TS17004: Cannot use JSX unless the '--jsx' flag is provided.
src/pages/AdminDashboard.tsx(943,19): error TS17004: Cannot use JSX unless the '--jsx' flag is provided.
src/pages/AdminDashboard.tsx(944,21): error TS17004: Cannot use JSX unless the '--jsx' flag is provided.
src/pages/AdminDashboard.tsx(947,19): error TS17004: Cannot use JSX unless the '--jsx' flag is provided.
src/pages/AdminDashboard.tsx(949,17): error TS17004: Cannot use JSX unless the '--jsx' flag is provided.
src/pages/AdminDashboard.tsx(951,21): error TS17004: Cannot use JSX unless the '--jsx' flag is provided.
src/pages/AdminDashboard.tsx(952,23): error TS17004: Cannot use JSX unless the '--jsx' flag is provided.
src/pages/AdminDashboard.tsx(953,25): error TS17004: Cannot use JSX unless the '--jsx' flag is provided.
src/pages/AdminDashboard.tsx(956,25): error TS17004: Cannot use JSX unless the '--jsx' flag is provided.
src/pages/AdminDashboard.tsx(957,27): error TS17004: Cannot use JSX unless the '--jsx' flag is provided.
src/pages/AdminDashboard.tsx(958,27): error TS17004: Cannot use JSX unless the '--jsx' flag is provided.
src/pages/AdminDashboard.tsx(961,23): error TS17004: Cannot use JSX unless the '--jsx' flag is provided.
src/pages/AdminDashboard.tsx(962,25): error TS17004: Cannot use JSX unless the '--jsx' flag is provided.
src/pages/AdminDashboard.tsx(963,25): error TS17004: Cannot use JSX unless the '--jsx' flag is provided.
src/pages/AdminDashboard.tsx(971,15): error TS17004: Cannot use JSX unless the '--jsx' flag is provided.
src/pages/AdminDashboard.tsx(972,17): error TS17004: Cannot use JSX unless the '--jsx' flag is provided.
src/pages/AdminDashboard.tsx(973,19): error TS17004: Cannot use JSX unless the '--jsx' flag is provided.
src/pages/AdminDashboard.tsx(974,21): error TS17004: Cannot use JSX unless the '--jsx' flag is provided.
src/pages/AdminDashboard.tsx(977,19): error TS17004: Cannot use JSX unless the '--jsx' flag is provided.
src/pages/AdminDashboard.tsx(979,17): error TS17004: Cannot use JSX unless the '--jsx' flag is provided.
src/pages/AdminDashboard.tsx(981,21): error TS17004: Cannot use JSX unless the '--jsx' flag is provided.
src/pages/AdminDashboard.tsx(982,23): error TS17004: Cannot use JSX unless the '--jsx' flag is provided.
src/pages/AdminDashboard.tsx(983,25): error TS17004: Cannot use JSX unless the '--jsx' flag is provided.
src/pages/AdminDashboard.tsx(985,29): error TS17004: Cannot use JSX unless the '--jsx' flag is provided.
src/pages/AdminDashboard.tsx(987,29): error TS17004: Cannot use JSX unless the '--jsx' flag is provided.
src/pages/AdminDashboard.tsx(990,25): error TS17004: Cannot use JSX unless the '--jsx' flag is provided.
src/pages/AdminDashboard.tsx(991,27): error TS17004: Cannot use JSX unless the '--jsx' flag is provided.
src/pages/AdminDashboard.tsx(992,27): error TS17004: Cannot use JSX unless the '--jsx' flag is provided.
src/pages/AdminDashboard.tsx(995,23): error TS17004: Cannot use JSX unless the '--jsx' flag is provided.
src/pages/AdminDashboard.tsx(996,25): error TS17004: Cannot use JSX unless the '--jsx' flag is provided.
src/pages/AdminDashboard.tsx(997,25): error TS17004: Cannot use JSX unless the '--jsx' flag is provided.
src/pages/AdminDashboard.tsx(1002,21): error TS17004: Cannot use JSX unless the '--jsx' flag is provided.
src/pages/AdminDashboard.tsx(1009,13): error TS17004: Cannot use JSX unless the '--jsx' flag is provided.
src/pages/AdminDashboard.tsx(1010,15): error TS17004: Cannot use JSX unless the '--jsx' flag is provided.
src/pages/AdminDashboard.tsx(1011,17): error TS17004: Cannot use JSX unless the '--jsx' flag is provided.
src/pages/AdminDashboard.tsx(1012,19): error TS17004: Cannot use JSX unless the '--jsx' flag is provided.
src/pages/AdminDashboard.tsx(1015,17): error TS17004: Cannot use JSX unless the '--jsx' flag is provided.
src/pages/AdminDashboard.tsx(1017,15): error TS17004: Cannot use JSX unless the '--jsx' flag is provided.
src/pages/AdminDashboard.tsx(1019,19): error TS17004: Cannot use JSX unless the '--jsx' flag is provided.
src/pages/AdminDashboard.tsx(1020,21): error TS17004: Cannot use JSX unless the '--jsx' flag is provided.
src/pages/AdminDashboard.tsx(1021,23): error TS17004: Cannot use JSX unless the '--jsx' flag is provided.
src/pages/AdminDashboard.tsx(1022,23): error TS17004: Cannot use JSX unless the '--jsx' flag is provided.
src/pages/AdminDashboard.tsx(1024,21): error TS17004: Cannot use JSX unless the '--jsx' flag is provided.
src/pages/AdminDashboard.tsx(1028,19): error TS17004: Cannot use JSX unless the '--jsx' flag is provided.
src/pages/AdminDashboard.tsx(1034,13): error TS17004: Cannot use JSX unless the '--jsx' flag is provided.
src/pages/AdminDashboard.tsx(1035,15): error TS17004: Cannot use JSX unless the '--jsx' flag is provided.
src/pages/AdminDashboard.tsx(1036,17): error TS17004: Cannot use JSX unless the '--jsx' flag is provided.
src/pages/AdminDashboard.tsx(1037,19): error TS17004: Cannot use JSX unless the '--jsx' flag is provided.
src/pages/AdminDashboard.tsx(1040,17): error TS17004: Cannot use JSX unless the '--jsx' flag is provided.
src/pages/AdminDashboard.tsx(1042,15): error TS17004: Cannot use JSX unless the '--jsx' flag is provided.
src/pages/AdminDashboard.tsx(1044,19): error TS17004: Cannot use JSX unless the '--jsx' flag is provided.
src/pages/AdminDashboard.tsx(1045,21): error TS17004: Cannot use JSX unless the '--jsx' flag is provided.
src/pages/AdminDashboard.tsx(1046,23): error TS17004: Cannot use JSX unless the '--jsx' flag is provided.
src/pages/AdminDashboard.tsx(1047,23): error TS17004: Cannot use JSX unless the '--jsx' flag is provided.
src/pages/AdminDashboard.tsx(1051,21): error TS17004: Cannot use JSX unless the '--jsx' flag is provided.
src/pages/AdminDashboard.tsx(1052,23): error TS17004: Cannot use JSX unless the '--jsx' flag is provided.
src/pages/AdminDashboard.tsx(1053,23): error TS17004: Cannot use JSX unless the '--jsx' flag is provided.
src/pages/AdminDashboard.tsx(1055,21): error TS17004: Cannot use JSX unless the '--jsx' flag is provided.
src/pages/AdminDashboard.tsx(1056,23): error TS17004: Cannot use JSX unless the '--jsx' flag is provided.
src/pages/AdminDashboard.tsx(1068,13): error TS17004: Cannot use JSX unless the '--jsx' flag is provided.
src/pages/AdminDashboard.tsx(1069,15): error TS17004: Cannot use JSX unless the '--jsx' flag is provided.
src/pages/AdminDashboard.tsx(1070,17): error TS17004: Cannot use JSX unless the '--jsx' flag is provided.
src/pages/AdminDashboard.tsx(1071,19): error TS17004: Cannot use JSX unless the '--jsx' flag is provided.
src/pages/AdminDashboard.tsx(1074,17): error TS17004: Cannot use JSX unless the '--jsx' flag is provided.
src/pages/AdminDashboard.tsx(1083,23): error TS17004: Cannot use JSX unless the '--jsx' flag is provided.
src/pages/AdminDashboard.tsx(1084,25): error TS17004: Cannot use JSX unless the '--jsx' flag is provided.
src/pages/AdminDashboard.tsx(1085,25): error TS17004: Cannot use JSX unless the '--jsx' flag is provided.
src/pages/AdminDashboard.tsx(1091,15): error TS17004: Cannot use JSX unless the '--jsx' flag is provided.
src/pages/AdminDashboard.tsx(1092,17): error TS17004: Cannot use JSX unless the '--jsx' flag is provided.
src/pages/AdminDashboard.tsx(1093,19): error TS17004: Cannot use JSX unless the '--jsx' flag is provided.
src/pages/AdminDashboard.tsx(1096,17): error TS17004: Cannot use JSX unless the '--jsx' flag is provided.
src/pages/AdminDashboard.tsx(1101,23): error TS17004: Cannot use JSX unless the '--jsx' flag is provided.
src/pages/AdminDashboard.tsx(1102,25): error TS17004: Cannot use JSX unless the '--jsx' flag is provided.
src/pages/AdminDashboard.tsx(1103,27): error TS17004: Cannot use JSX unless the '--jsx' flag is provided.
src/pages/AdminDashboard.tsx(1104,47): error TS17004: Cannot use JSX unless the '--jsx' flag is provided.
src/pages/AdminDashboard.tsx(1106,27): error TS17004: Cannot use JSX unless the '--jsx' flag is provided.
src/pages/AdminDashboard.tsx(1107,29): error TS17004: Cannot use JSX unless the '--jsx' flag is provided.
src/pages/AdminDashboard.tsx(1108,29): error TS17004: Cannot use JSX unless the '--jsx' flag is provided.
src/pages/AdminDashboard.tsx(1111,25): error TS17004: Cannot use JSX unless the '--jsx' flag is provided.
src/pages/AdminDashboard.tsx(1112,27): error TS17004: Cannot use JSX unless the '--jsx' flag is provided.
src/pages/AdminDashboard.tsx(1113,27): error TS17004: Cannot use JSX unless the '--jsx' flag is provided.
src/pages/AdminDashboard.tsx(1126,11): error TS17004: Cannot use JSX unless the '--jsx' flag is provided.
src/pages/AdminDashboard.tsx(1127,13): error TS17004: Cannot use JSX unless the '--jsx' flag is provided.
src/pages/AdminDashboard.tsx(1128,15): error TS17004: Cannot use JSX unless the '--jsx' flag is provided.
src/pages/AdminDashboard.tsx(1129,17): error TS17004: Cannot use JSX unless the '--jsx' flag is provided.
src/pages/AdminDashboard.tsx(1130,19): error TS17004: Cannot use JSX unless the '--jsx' flag is provided.
src/pages/AdminDashboard.tsx(1131,21): error TS17004: Cannot use JSX unless the '--jsx' flag is provided.
src/pages/AdminDashboard.tsx(1134,19): error TS17004: Cannot use JSX unless the '--jsx' flag is provided.
src/pages/AdminDashboard.tsx(1136,17): error TS17004: Cannot use JSX unless the '--jsx' flag is provided.
src/pages/AdminDashboard.tsx(1142,17): error TS17004: Cannot use JSX unless the '--jsx' flag is provided.
src/pages/AdminDashboard.tsx(1144,21): error TS17004: Cannot use JSX unless the '--jsx' flag is provided.
src/pages/AdminDashboard.tsx(1145,23): error TS17004: Cannot use JSX unless the '--jsx' flag is provided.
src/pages/AdminDashboard.tsx(1146,25): error TS17004: Cannot use JSX unless the '--jsx' flag is provided.
src/pages/AdminDashboard.tsx(1147,25): error TS17004: Cannot use JSX unless the '--jsx' flag is provided.
src/pages/AdminDashboard.tsx(1149,23): error TS17004: Cannot use JSX unless the '--jsx' flag is provided.
src/pages/AdminDashboard.tsx(1150,25): error TS17004: Cannot use JSX unless the '--jsx' flag is provided.
src/pages/AdminDashboard.tsx(1158,17): error TS17004: Cannot use JSX unless the '--jsx' flag is provided.
src/pages/AdminDashboard.tsx(1159,19): error TS17004: Cannot use JSX unless the '--jsx' flag is provided.
src/pages/AdminDashboard.tsx(1160,19): error TS17004: Cannot use JSX unless the '--jsx' flag is provided.
src/pages/AdminDashboard.tsx(1164,15): error TS17004: Cannot use JSX unless the '--jsx' flag is provided.
src/pages/AdminDashboard.tsx(1165,17): error TS17004: Cannot use JSX unless the '--jsx' flag is provided.
src/pages/AdminDashboard.tsx(1166,19): error TS17004: Cannot use JSX unless the '--jsx' flag is provided.
src/pages/AdminDashboard.tsx(1176,11): error TS17004: Cannot use JSX unless the '--jsx' flag is provided.
src/pages/AdminDashboard.tsx(1177,13): error TS17004: Cannot use JSX unless the '--jsx' flag is provided.
src/pages/AdminDashboard.tsx(1178,15): error TS17004: Cannot use JSX unless the '--jsx' flag is provided.
src/pages/AdminDashboard.tsx(1179,17): error TS17004: Cannot use JSX unless the '--jsx' flag is provided.
src/pages/AdminDashboard.tsx(1180,19): error TS17004: Cannot use JSX unless the '--jsx' flag is provided.
src/pages/AdminDashboard.tsx(1183,17): error TS17004: Cannot use JSX unless the '--jsx' flag is provided.
src/pages/AdminDashboard.tsx(1188,17): error TS17004: Cannot use JSX unless the '--jsx' flag is provided.
src/pages/AdminDashboard.tsx(1189,19): error TS17004: Cannot use JSX unless the '--jsx' flag is provided.
src/pages/AdminDashboard.tsx(1190,19): error TS17004: Cannot use JSX unless the '--jsx' flag is provided.
src/pages/AdminDashboard.tsx(1191,19): error TS17004: Cannot use JSX unless the '--jsx' flag is provided.
src/pages/AdminDashboard.tsx(1194,17): error TS17004: Cannot use JSX unless the '--jsx' flag is provided.
src/pages/AdminDashboard.tsx(1196,21): error TS17004: Cannot use JSX unless the '--jsx' flag is provided.
src/pages/AdminDashboard.tsx(1197,23): error TS17004: Cannot use JSX unless the '--jsx' flag is provided.
src/pages/AdminDashboard.tsx(1198,23): error TS17004: Cannot use JSX unless the '--jsx' flag is provided.
src/pages/AdminDashboard.tsx(1205,17): error TS17004: Cannot use JSX unless the '--jsx' flag is provided.
src/pages/AdminDashboard.tsx(1206,19): error TS17004: Cannot use JSX unless the '--jsx' flag is provided.
src/pages/AdminDashboard.tsx(1207,19): error TS17004: Cannot use JSX unless the '--jsx' flag is provided.
src/pages/AdminDashboard.tsx(1210,15): error TS17004: Cannot use JSX unless the '--jsx' flag is provided.
src/pages/AdminDashboard.tsx(1211,17): error TS17004: Cannot use JSX unless the '--jsx' flag is provided.
src/pages/AdminDashboard.tsx(1212,17): error TS17004: Cannot use JSX unless the '--jsx' flag is provided.
src/pages/AdminDashboard.tsx(1220,11): error TS17004: Cannot use JSX unless the '--jsx' flag is provided.
src/pages/AdminDashboard.tsx(1221,13): error TS17004: Cannot use JSX unless the '--jsx' flag is provided.
src/pages/AdminDashboard.tsx(1222,15): error TS17004: Cannot use JSX unless the '--jsx' flag is provided.
src/pages/AdminDashboard.tsx(1223,17): error TS17004: Cannot use JSX unless the '--jsx' flag is provided.
src/pages/AdminDashboard.tsx(1224,19): error TS17004: Cannot use JSX unless the '--jsx' flag is provided.
src/pages/AdminDashboard.tsx(1225,21): error TS17004: Cannot use JSX unless the '--jsx' flag is provided.
src/pages/AdminDashboard.tsx(1228,19): error TS17004: Cannot use JSX unless the '--jsx' flag is provided.
src/pages/AdminDashboard.tsx(1232,15): error TS17004: Cannot use JSX unless the '--jsx' flag is provided.
src/pages/AdminDashboard.tsx(1233,17): error TS17004: Cannot use JSX unless the '--jsx' flag is provided.
src/pages/AdminDashboard.tsx(1234,19): error TS17004: Cannot use JSX unless the '--jsx' flag is provided.
src/pages/AdminDashboard.tsx(1235,21): error TS17004: Cannot use JSX unless the '--jsx' flag is provided.
src/pages/AdminDashboard.tsx(1236,23): error TS17004: Cannot use JSX unless the '--jsx' flag is provided.
src/pages/AdminDashboard.tsx(1237,25): error TS17004: Cannot use JSX unless the '--jsx' flag is provided.
src/pages/AdminDashboard.tsx(1238,25): error TS17004: Cannot use JSX unless the '--jsx' flag is provided.
src/pages/AdminDashboard.tsx(1239,25): error TS17004: Cannot use JSX unless the '--jsx' flag is provided.
src/pages/AdminDashboard.tsx(1242,21): error TS17004: Cannot use JSX unless the '--jsx' flag is provided.
src/pages/AdminDashboard.tsx(1251,27): error TS17004: Cannot use JSX unless the '--jsx' flag is provided.
src/pages/AdminDashboard.tsx(1252,29): error TS17004: Cannot use JSX unless the '--jsx' flag is provided.
src/pages/AdminDashboard.tsx(1253,31): error TS17004: Cannot use JSX unless the '--jsx' flag is provided.
src/pages/AdminDashboard.tsx(1254,33): error TS17004: Cannot use JSX unless the '--jsx' flag is provided.
src/pages/AdminDashboard.tsx(1256,37): error TS17004: Cannot use JSX unless the '--jsx' flag is provided.
src/pages/AdminDashboard.tsx(1258,37): error TS17004: Cannot use JSX unless the '--jsx' flag is provided.
src/pages/AdminDashboard.tsx(1261,33): error TS17004: Cannot use JSX unless the '--jsx' flag is provided.
src/pages/AdminDashboard.tsx(1262,35): error TS17004: Cannot use JSX unless the '--jsx' flag is provided.
src/pages/AdminDashboard.tsx(1265,35): error TS17004: Cannot use JSX unless the '--jsx' flag is provided.
src/pages/AdminDashboard.tsx(1266,37): error TS17004: Cannot use JSX unless the '--jsx' flag is provided.
src/pages/AdminDashboard.tsx(1272,29): error TS17004: Cannot use JSX unless the '--jsx' flag is provided.
src/pages/AdminDashboard.tsx(1273,31): error TS17004: Cannot use JSX unless the '--jsx' flag is provided.
src/pages/AdminDashboard.tsx(1274,33): error TS17004: Cannot use JSX unless the '--jsx' flag is provided.
src/pages/AdminDashboard.tsx(1275,35): error TS17004: Cannot use JSX unless the '--jsx' flag is provided.
src/pages/AdminDashboard.tsx(1276,35): error TS17004: Cannot use JSX unless the '--jsx' flag is provided.
src/pages/AdminDashboard.tsx(1278,33): error TS17004: Cannot use JSX unless the '--jsx' flag is provided.
src/pages/AdminDashboard.tsx(1279,35): error TS17004: Cannot use JSX unless the '--jsx' flag is provided.
src/pages/AdminDashboard.tsx(1280,35): error TS17004: Cannot use JSX unless the '--jsx' flag is provided.
src/pages/AdminDashboard.tsx(1282,33): error TS17004: Cannot use JSX unless the '--jsx' flag is provided.
src/pages/AdminDashboard.tsx(1283,35): error TS17004: Cannot use JSX unless the '--jsx' flag is provided.
src/pages/AdminDashboard.tsx(1284,35): error TS17004: Cannot use JSX unless the '--jsx' flag is provided.
src/pages/AdminDashboard.tsx(1288,29): error TS17004: Cannot use JSX unless the '--jsx' flag is provided.
src/pages/AdminDashboard.tsx(1289,31): error TS17004: Cannot use JSX unless the '--jsx' flag is provided.
src/pages/AdminDashboard.tsx(1301,21): error TS17004: Cannot use JSX unless the '--jsx' flag is provided.
src/pages/AdminDashboard.tsx(1302,23): error TS17004: Cannot use JSX unless the '--jsx' flag is provided.
src/pages/AdminDashboard.tsx(1303,23): error TS17004: Cannot use JSX unless the '--jsx' flag is provided.
src/pages/AdminDashboard.tsx(1314,11): error TS17004: Cannot use JSX unless the '--jsx' flag is provided.
src/pages/AdminDashboard.tsx(1316,15): error TS17004: Cannot use JSX unless the '--jsx' flag is provided.
src/pages/AdminDashboard.tsx(1317,17): error TS17004: Cannot use JSX unless the '--jsx' flag is provided.
src/pages/AdminDashboard.tsx(1318,19): error TS17004: Cannot use JSX unless the '--jsx' flag is provided.
src/pages/AdminDashboard.tsx(1319,21): error TS17004: Cannot use JSX unless the '--jsx' flag is provided.
src/pages/AdminDashboard.tsx(1326,23): error TS17004: Cannot use JSX unless the '--jsx' flag is provided.
src/pages/AdminDashboard.tsx(1327,23): error TS17004: Cannot use JSX unless the '--jsx' flag is provided.
src/pages/AdminDashboard.tsx(1331,23): error TS17004: Cannot use JSX unless the '--jsx' flag is provided.
src/pages/AdminDashboard.tsx(1340,19): error TS17004: Cannot use JSX unless the '--jsx' flag is provided.
src/pages/AdminDashboard.tsx(1345,17): error TS17004: Cannot use JSX unless the '--jsx' flag is provided.
src/pages/AdminDashboard.tsx(1346,19): error TS17004: Cannot use JSX unless the '--jsx' flag is provided.
src/pages/AdminDashboard.tsx(1347,21): error TS17004: Cannot use JSX unless the '--jsx' flag is provided.
src/pages/AdminDashboard.tsx(1348,23): error TS17004: Cannot use JSX unless the '--jsx' flag is provided.
src/pages/AdminDashboard.tsx(1349,25): error TS17004: Cannot use JSX unless the '--jsx' flag is provided.
src/pages/AdminDashboard.tsx(1350,27): error TS17004: Cannot use JSX unless the '--jsx' flag is provided.
src/pages/AdminDashboard.tsx(1351,29): error TS17004: Cannot use JSX unless the '--jsx' flag is provided.
src/pages/AdminDashboard.tsx(1358,27): error TS17004: Cannot use JSX unless the '--jsx' flag is provided.
src/pages/AdminDashboard.tsx(1359,27): error TS17004: Cannot use JSX unless the '--jsx' flag is provided.
src/pages/AdminDashboard.tsx(1360,27): error TS17004: Cannot use JSX unless the '--jsx' flag is provided.
src/pages/AdminDashboard.tsx(1361,27): error TS17004: Cannot use JSX unless the '--jsx' flag is provided.
src/pages/AdminDashboard.tsx(1362,27): error TS17004: Cannot use JSX unless the '--jsx' flag is provided.
src/pages/AdminDashboard.tsx(1365,23): error TS17004: Cannot use JSX unless the '--jsx' flag is provided.
src/pages/AdminDashboard.tsx(1367,27): error TS17004: Cannot use JSX unless the '--jsx' flag is provided.
src/pages/AdminDashboard.tsx(1368,29): error TS17004: Cannot use JSX unless the '--jsx' flag is provided.
src/pages/AdminDashboard.tsx(1369,31): error TS17004: Cannot use JSX unless the '--jsx' flag is provided.
src/pages/AdminDashboard.tsx(1376,29): error TS17004: Cannot use JSX unless the '--jsx' flag is provided.
src/pages/AdminDashboard.tsx(1377,31): error TS17004: Cannot use JSX unless the '--jsx' flag is provided.
src/pages/AdminDashboard.tsx(1378,33): error TS17004: Cannot use JSX unless the '--jsx' flag is provided.
src/pages/AdminDashboard.tsx(1379,33): error TS17004: Cannot use JSX unless the '--jsx' flag is provided.
src/pages/AdminDashboard.tsx(1380,35): error TS17004: Cannot use JSX unless the '--jsx' flag is provided.
src/pages/AdminDashboard.tsx(1381,35): error TS17004: Cannot use JSX unless the '--jsx' flag is provided.
src/pages/AdminDashboard.tsx(1385,29): error TS17004: Cannot use JSX unless the '--jsx' flag is provided.
src/pages/AdminDashboard.tsx(1386,29): error TS17004: Cannot use JSX unless the '--jsx' flag is provided.
src/pages/AdminDashboard.tsx(1387,29): error TS17004: Cannot use JSX unless the '--jsx' flag is provided.
src/pages/AdminDashboard.tsx(1388,31): error TS17004: Cannot use JSX unless the '--jsx' flag is provided.
src/pages/AdminDashboard.tsx(1392,29): error TS17004: Cannot use JSX unless the '--jsx' flag is provided.
src/pages/AdminDashboard.tsx(1393,31): error TS17004: Cannot use JSX unless the '--jsx' flag is provided.
src/pages/AdminDashboard.tsx(1394,33): error TS17004: Cannot use JSX unless the '--jsx' flag is provided.
src/pages/AdminDashboard.tsx(1394,159): error TS17004: Cannot use JSX unless the '--jsx' flag is provided.
src/pages/AdminDashboard.tsx(1395,33): error TS17004: Cannot use JSX unless the '--jsx' flag is provided.
src/pages/AdminDashboard.tsx(1395,156): error TS17004: Cannot use JSX unless the '--jsx' flag is provided.
src/pages/AdminDashboard.tsx(1406,15): error TS17004: Cannot use JSX unless the '--jsx' flag is provided.
src/pages/AdminDashboard.tsx(1407,17): error TS17004: Cannot use JSX unless the '--jsx' flag is provided.
src/pages/AdminDashboard.tsx(1408,19): error TS17004: Cannot use JSX unless the '--jsx' flag is provided.
src/pages/AdminDashboard.tsx(1409,21): error TS17004: Cannot use JSX unless the '--jsx' flag is provided.
src/pages/AdminDashboard.tsx(1411,19): error TS17004: Cannot use JSX unless the '--jsx' flag is provided.
src/pages/AdminDashboard.tsx(1420,17): error TS17004: Cannot use JSX unless the '--jsx' flag is provided.
src/pages/AdminDashboard.tsx(1427,23): error TS17004: Cannot use JSX unless the '--jsx' flag is provided.
src/pages/AdminDashboard.tsx(1428,25): error TS17004: Cannot use JSX unless the '--jsx' flag is provided.
src/pages/AdminDashboard.tsx(1429,50): error TS17004: Cannot use JSX unless the '--jsx' flag is provided.
src/pages/AdminDashboard.tsx(1431,25): error TS17004: Cannot use JSX unless the '--jsx' flag is provided.
src/pages/AdminDashboard.tsx(1432,27): error TS17004: Cannot use JSX unless the '--jsx' flag is provided.
src/pages/AdminDashboard.tsx(1434,31): error TS17004: Cannot use JSX unless the '--jsx' flag is provided.
src/pages/AdminDashboard.tsx(1436,31): error TS17004: Cannot use JSX unless the '--jsx' flag is provided.
src/pages/AdminDashboard.tsx(1437,33): error TS17004: Cannot use JSX unless the '--jsx' flag is provided.
src/pages/AdminDashboard.tsx(1441,27): error TS17004: Cannot use JSX unless the '--jsx' flag is provided.
src/pages/AdminDashboard.tsx(1442,29): error TS17004: Cannot use JSX unless the '--jsx' flag is provided.
src/pages/AdminDashboard.tsx(1444,53): error TS17004: Cannot use JSX unless the '--jsx' flag is provided.
src/pages/AdminDashboard.tsx(1446,29): error TS17004: Cannot use JSX unless the '--jsx' flag is provided.
src/pages/AdminDashboard.tsx(1447,29): error TS17004: Cannot use JSX unless the '--jsx' flag is provided.
src/pages/AdminDashboard.tsx(1448,31): error TS17004: Cannot use JSX unless the '--jsx' flag is provided.
src/pages/AdminDashboard.tsx(1449,33): error TS17004: Cannot use JSX unless the '--jsx' flag is provided.
src/pages/AdminDashboard.tsx(1453,29): error TS17004: Cannot use JSX unless the '--jsx' flag is provided.
src/pages/AdminDashboard.tsx(1454,31): error TS17004: Cannot use JSX unless the '--jsx' flag is provided.
src/pages/AdminDashboard.tsx(1455,54): error TS17004: Cannot use JSX unless the '--jsx' flag is provided.
src/pages/AdminDashboard.tsx(1455,97): error TS17004: Cannot use JSX unless the '--jsx' flag is provided.
src/pages/AdminDashboard.tsx(1458,31): error TS17004: Cannot use JSX unless the '--jsx' flag is provided.
src/pages/AdminDashboard.tsx(1459,33): error TS17004: Cannot use JSX unless the '--jsx' flag is provided.
src/pages/AdminDashboard.tsx(1473,16): error TS17004: Cannot use JSX unless the '--jsx' flag is provided.
src/pages/AdminDashboard.tsx(1473,88): error TS17004: Cannot use JSX unless the '--jsx' flag is provided.
src/pages/AdminDashboard.tsx(1475,16): error TS17004: Cannot use JSX unless the '--jsx' flag is provided.
src/pages/AdminDashboard.tsx(1475,88): error TS17004: Cannot use JSX unless the '--jsx' flag is provided.
src/pages/AdminDashboard.tsx(1477,16): error TS17004: Cannot use JSX unless the '--jsx' flag is provided.
src/pages/AdminDashboard.tsx(1477,88): error TS17004: Cannot use JSX unless the '--jsx' flag is provided.
src/pages/AdminDashboard.tsx(1479,16): error TS17004: Cannot use JSX unless the '--jsx' flag is provided.
src/pages/AdminDashboard.tsx(1479,88): error TS17004: Cannot use JSX unless the '--jsx' flag is provided.
src/pages/AdminDashboard.tsx(1481,16): error TS17004: Cannot use JSX unless the '--jsx' flag is provided.
src/pages/AdminDashboard.tsx(1481,88): error TS17004: Cannot use JSX unless the '--jsx' flag is provided.
src/pages/AdminDashboard.tsx(1484,11): error TS17004: Cannot use JSX unless the '--jsx' flag is provided.
src/pages/AdminDashboard.tsx(1485,13): error TS17004: Cannot use JSX unless the '--jsx' flag is provided.
src/pages/AdminDashboard.tsx(1486,15): error TS17004: Cannot use JSX unless the '--jsx' flag is provided.
src/pages/AdminDashboard.tsx(1487,17): error TS17004: Cannot use JSX unless the '--jsx' flag is provided.
src/pages/AdminDashboard.tsx(1490,15): error TS17004: Cannot use JSX unless the '--jsx' flag is provided.
src/pages/AdminDashboard.tsx(1492,13): error TS17004: Cannot use JSX unless the '--jsx' flag is provided.
src/pages/AdminDashboard.tsx(1494,17): error TS17004: Cannot use JSX unless the '--jsx' flag is provided.
src/pages/AdminDashboard.tsx(1495,19): error TS17004: Cannot use JSX unless the '--jsx' flag is provided.
src/pages/AdminDashboard.tsx(1496,21): error TS17004: Cannot use JSX unless the '--jsx' flag is provided.
src/pages/AdminDashboard.tsx(1497,23): error TS17004: Cannot use JSX unless the '--jsx' flag is provided.
src/pages/AdminDashboard.tsx(1501,23): error TS17004: Cannot use JSX unless the '--jsx' flag is provided.
src/pages/AdminDashboard.tsx(1503,21): error TS17004: Cannot use JSX unless the '--jsx' flag is provided.
src/pages/AdminDashboard.tsx(1504,21): error TS17004: Cannot use JSX unless the '--jsx' flag is provided.
src/pages/AdminDashboard.tsx(1505,23): error TS17004: Cannot use JSX unless the '--jsx' flag is provided.
src/pages/AdminDashboard.tsx(1506,23): error TS17004: Cannot use JSX unless the '--jsx' flag is provided.
src/pages/AdminDashboard.tsx(1507,23): error TS17004: Cannot use JSX unless the '--jsx' flag is provided.
src/pages/AdminDashboard.tsx(1512,17): error TS17004: Cannot use JSX unless the '--jsx' flag is provided.
src/pages/AdminDashboard.tsx(1513,19): error TS17004: Cannot use JSX unless the '--jsx' flag is provided.
src/pages/AdminDashboard.tsx(1514,19): error TS17004: Cannot use JSX unless the '--jsx' flag is provided.
src/pages/AdminDashboard.tsx(1526,5): error TS17004: Cannot use JSX unless the '--jsx' flag is provided.
src/pages/AdminDashboard.tsx(1528,7): error TS17004: Cannot use JSX unless the '--jsx' flag is provided.
src/pages/AdminDashboard.tsx(1540,7): error TS17004: Cannot use JSX unless the '--jsx' flag is provided.
src/pages/AdminDashboard.tsx(1542,9): error TS17004: Cannot use JSX unless the '--jsx' flag is provided.
src/pages/AdminDashboard.tsx(1543,11): error TS17004: Cannot use JSX unless the '--jsx' flag is provided.
src/pages/AdminDashboard.tsx(1544,13): error TS17004: Cannot use JSX unless the '--jsx' flag is provided.
src/pages/AdminDashboard.tsx(1549,15): error TS17004: Cannot use JSX unless the '--jsx' flag is provided.
src/pages/AdminDashboard.tsx(1551,13): error TS17004: Cannot use JSX unless the '--jsx' flag is provided.
src/pages/AdminDashboard.tsx(1553,17): error TS17004: Cannot use JSX unless the '--jsx' flag is provided.
src/pages/AdminDashboard.tsx(1558,19): error TS17004: Cannot use JSX unless the '--jsx' flag is provided.
src/pages/AdminDashboard.tsx(1561,15): error TS17004: Cannot use JSX unless the '--jsx' flag is provided.
src/pages/AdminDashboard.tsx(1566,11): error TS17004: Cannot use JSX unless the '--jsx' flag is provided.
src/pages/AdminDashboard.tsx(1567,13): error TS17004: Cannot use JSX unless the '--jsx' flag is provided.
src/pages/AdminDashboard.tsx(1572,9): error TS17004: Cannot use JSX unless the '--jsx' flag is provided.
src/pages/AdminDashboard.tsx(1573,11): error TS17004: Cannot use JSX unless the '--jsx' flag is provided.
src/pages/AdminDashboard.tsx(1581,9): error TS17004: Cannot use JSX unless the '--jsx' flag is provided.
src/pages/AdminDashboard.tsx(1582,11): error TS17004: Cannot use JSX unless the '--jsx' flag is provided.
src/pages/AdminDashboard.tsx(1583,13): error TS17004: Cannot use JSX unless the '--jsx' flag is provided.
src/utils/imageUrl.ts(6,20): error TS1343: The 'import.meta' meta-property is only allowed when the '--module' option is 'es2020', 'es2022', 'esnext', 'system', 'node16', 'node18', 'node20', or 'nodenext'.
src/utils/imageUrl.ts(6,32): error TS2339: Property 'env' does not exist on type 'ImportMeta'.
