src/pages/AdminDashboard.tsx(89,10): error TS6133: 'keywordPriceIndex' is declared but its value is never read.
src/pages/AdminDashboard.tsx(708,34): error TS2322: Type 'string | null' is not assignable to type 'string | undefined'.
  Type 'null' is not assignable to type 'string | undefined'.
