src/services/migration.ts(2,31): error TS6133: 'updateDoc' is declared but its value is never read.
